%!Adobe-FontList 1.11
%Locale:0x409

%BeginFont
Handler:DirectoryHandler
FontType:CMap
CMapName:Identity-H
Registry:Adobe
Ordering:Identity
OutlineFileName:C:\Program Files (x86)\Adobe\Reader 9.0\Resource\CMap\Identity-H
FileLength:6716
FileModTime:971124290
%EndFont

%BeginFont
Handler:DirectoryHandler
FontType:CMap
CMapName:Identity-V
Registry:Adobe
Ordering:Identity
UseCMap:Identity-H
OutlineFileName:C:\Program Files (x86)\Adobe\Reader 9.0\Resource\CMap\Identity-V
FileLength:1249
FileModTime:971124290
%EndFont

%BeginFont
Handler:DirectoryHandler
FontType:CMap
CMapName:Identity-H
Registry:Adobe
Ordering:Identity
OutlineFileName:C:\Program Files (x86)\Adobe\Reader 9.0\Resource\CMap\Identity-H
FileLength:6716
FileModTime:971124290
%EndFont

%BeginFont
Handler:DirectoryHandler
FontType:CMap
CMapName:Identity-V
Registry:Adobe
Ordering:Identity
UseCMap:Identity-H
OutlineFileName:C:\Program Files (x86)\Adobe\Reader 9.0\Resource\CMap\Identity-V
FileLength:1249
FileModTime:971124290
%EndFont

